main.c:165:5:main	8	static
main.c:246:6:SystemClock_Config	112	static
main.c:300:13:MX_I2C1_Init	8	static
main.c:346:13:MX_TIM3_Init	64	static
main.c:417:13:MX_USART1_UART_Init	8	static
main.c:465:13:MX_GPIO_Init	48	static
main.c:487:6:MEMS_MPU6050_Init	32	static
main.c:516:6:MEMS_MPU6050_Read_Accel	40	static
main.c:551:6:ClearUARTFlags	8	static
main.c:559:6:calculate_IMU_error	48	static
main.c:611:6:MEMS_MPU6050_Read_Gyro	40	static
main.c:647:6:HAL_UART_RxCpltCallback	16	static
main.c:729:6:Error_Handler	8	static
