main.c:165:5:main	8	static
main.c:278:6:SystemClock_Config	112	static
main.c:332:13:MX_I2C1_Init	8	static
main.c:378:13:MX_TIM3_Init	64	static
main.c:449:13:MX_USART1_UART_Init	8	static
main.c:497:13:MX_GPIO_Init	48	static
main.c:519:6:MEMS_MPU6050_Init	32	static
main.c:548:6:MEMS_MPU6050_Read_Accel	40	static
main.c:583:6:ClearUARTFlags	8	static
main.c:591:6:calculate_IMU_error	48	static
main.c:643:6:MEMS_MPU6050_Read_Gyro	40	static
main.c:679:6:HAL_UART_RxCpltCallback	16	static
main.c:761:6:Error_Handler	8	static
